// Jest Snapshot v1, https://goo.gl/fbAQLP

exports[`renders the basic component 1`] = `
<div>
  <li
    class="sc-AxjAm fsIKLa"
  >
    <form
      class="sc-AxirZ jbxkeR"
      data-testid="form"
    >
      <div
        class="sc-AxiKw cXlGAn"
        data-testid="label"
      >
        foo
      </div>
      <div
        class="sc-AxhUy kMyssT"
      >
        <button
          class="sc-AxgMl hFnGSe"
          data-testid="edit"
          type="button"
        >
          <svg
            viewBox="-1 0 393 393.15442"
            xmlns="http://www.w3.org/2000/svg"
          >
            <defs />
            <path
              d="M342.402344 14.621094c-19.542969-19.496094-51.171875-19.496094-70.710938 0L34.601562 251.710938c-2.886718 2.886718-3.726562 7.242187-2.121093 11L.429688 380.53125c-.945313 3.472656.050781 7.1875 2.605468 9.722656 2.558594 2.535156 6.28125 3.5 9.746094 2.527344l116.933594-32.867188c3.746094 1.574219 8.070312.722657 10.941406-2.148437l237.089844-237.089844c19.523437-19.527343 19.523437-51.183593 0-70.710937zm-84.601563 42.167968l77.351563 78.195313-201.570313 201.566406L55.8125 258.78125zM48.554688 279.808594l64.121093 64.117187-88.316406 24.828125zm315.046874-173.273438l-14.304687 14.304688-77.351563-78.191406 13.886719-13.882813c11.726563-11.699219 30.703125-11.699219 42.429688 0l35.34375 35.34375c11.695312 11.722656 11.695312 30.703125-.003907 42.425781zm0 0"
            />
          </svg>
        </button>
        <button
          class="sc-AxgMl hFnGSe"
          data-testid="delete"
          type="button"
        >
          <svg
            viewBox="-40 0 427 427.00131"
            xmlns="http://www.w3.org/2000/svg"
          >
            <defs />
            <path
              d="M232.398438 154.703125c-5.523438 0-10 4.476563-10 10v189c0 5.519531 4.476562 10 10 10 5.523437 0 10-4.480469 10-10v-189c0-5.523437-4.476563-10-10-10zm0 0M114.398438 154.703125c-5.523438 0-10 4.476563-10 10v189c0 5.519531 4.476562 10 10 10 5.523437 0 10-4.480469 10-10v-189c0-5.523437-4.476563-10-10-10zm0 0"
            />
            <path
              d="M28.398438 127.121094V373.5c0 14.5625 5.339843 28.238281 14.667968 38.050781C52.351562 421.390625 65.273438 426.976562 78.796875 427H268c13.527344-.023438 26.449219-5.609375 35.730469-15.449219 9.328125-9.8125 14.667969-23.488281 14.667969-38.050781V127.121094c18.542968-4.921875 30.558593-22.835938 28.078124-41.863282C343.992188 66.234375 327.785156 52.003906 308.597656 52h-51.199218V39.5c.058593-10.511719-4.097657-20.605469-11.539063-28.03125C238.417969 4.046875 228.308594-.0859375 217.796875 0H129c-10.511719-.0859375-20.621094 4.046875-28.0625 11.46875C93.496094 18.894531 89.339844 28.988281 89.398438 39.5V52H38.199219c-19.1875.003906-35.394531 14.234375-37.878907 33.257812-2.480468 19.027344 9.535157 36.941407 28.078126 41.863282zM268 407H78.796875c-17.097656 0-30.398437-14.6875-30.398437-33.5V128h250v245.5c0 18.8125-13.300782 33.5-30.398438 33.5zM109.398438 39.5c-.066407-5.207031 1.980468-10.21875 5.675781-13.894531C118.765625 21.929688 123.789062 19.910156 129 20h88.796875c5.210937-.089844 10.234375 1.929688 13.925781 5.605469 3.695313 3.671875 5.742188 8.6875 5.675782 13.894531V52h-128zM38.199219 72h270.398437c9.941406 0 18 8.058594 18 18s-8.058594 18-18 18H38.199219c-9.941407 0-18-8.058594-18-18s8.058593-18 18-18zm0 0"
            />
            <path
              d="M173.398438 154.703125c-5.523438 0-10 4.476563-10 10v189c0 5.519531 4.476562 10 10 10 5.523437 0 10-4.480469 10-10v-189c0-5.523437-4.476563-10-10-10zm0 0"
            />
          </svg>
        </button>
      </div>
    </form>
  </li>
</div>
`;
